// Jest Snapshot v1, https://goo.gl/fbAQLP

exports[`<Footer /> checks Footer component s UI 1`] = `[Function]`;
